127.0.0.1 - - [30/Nov/2023:09:28:38 +0530] "GET / HTTP/1.1" 404 751
0:0:0:0:0:0:0:1 - - [30/Nov/2023:09:28:38 +0530] "GET /1-Spring-Mvc-Demo/ HTTP/1.1" 404 682
0:0:0:0:0:0:0:1 - - [30/Nov/2023:09:28:38 +0530] "GET /favicon.ico HTTP/1.1" 404 762
0:0:0:0:0:0:0:1 - - [30/Nov/2023:09:28:44 +0530] "GET /1-Spring-Mvc-Demo/student HTTP/1.1" 200 69
0:0:0:0:0:0:0:1 - - [30/Nov/2023:09:28:50 +0530] "GET /1-Spring-Mvc-Demo/student HTTP/1.1" 200 69
127.0.0.1 - - [30/Nov/2023:09:48:18 +0530] "GET / HTTP/1.1" 404 751
0:0:0:0:0:0:0:1 - - [30/Nov/2023:09:48:18 +0530] "GET /1-Spring-Mvc-Demo/ HTTP/1.1" 404 682
0:0:0:0:0:0:0:1 - - [30/Nov/2023:09:48:36 +0530] "PUT /1-Spring-Mvc-Demo/student/1/ram HTTP/1.1" 405 749
127.0.0.1 - - [30/Nov/2023:09:50:45 +0530] "GET / HTTP/1.1" 404 751
0:0:0:0:0:0:0:1 - - [30/Nov/2023:09:50:45 +0530] "PUT /1-Spring-Mvc-Demo/student/1/ram HTTP/1.1" 405 749
127.0.0.1 - - [30/Nov/2023:10:02:45 +0530] "GET / HTTP/1.1" 404 751
0:0:0:0:0:0:0:1 - - [30/Nov/2023:10:02:45 +0530] "GET /1-Spring-Mvc-Demo/ HTTP/1.1" 404 682
0:0:0:0:0:0:0:1 - - [30/Nov/2023:10:04:02 +0530] "PUT /1-Spring-Mvc-Demo/student/1/ram HTTP/1.1" 404 682
0:0:0:0:0:0:0:1 - - [30/Nov/2023:10:04:34 +0530] "PUT /1-Spring-Mvc-Demo/student/1 HTTP/1.1" 200 -
0:0:0:0:0:0:0:1 - - [30/Nov/2023:10:13:34 +0530] "PUT /1-Spring-Mvc-Demo/student/1 HTTP/1.1" 400 762
0:0:0:0:0:0:0:1 - - [30/Nov/2023:10:13:47 +0530] "PUT /1-Spring-Mvc-Demo/student/1 HTTP/1.1" 200 -
127.0.0.1 - - [30/Nov/2023:10:43:32 +0530] "GET / HTTP/1.1" 404 751
0:0:0:0:0:0:0:1 - - [30/Nov/2023:10:43:33 +0530] "GET /1-Spring-Mvc-Demo/WEB-INF/classes/in/co/vwits/sms/controller/StudentController.java HTTP/1.1" 404 682
0:0:0:0:0:0:0:1 - - [30/Nov/2023:10:43:49 +0530] "GET /1-Spring-Mvc-Demo/ HTTP/1.1" 404 682
0:0:0:0:0:0:0:1 - - [30/Nov/2023:10:43:52 +0530] "GET /1-Spring-Mvc-Demo/student/1 HTTP/1.1" 200 37
0:0:0:0:0:0:0:1 - - [30/Nov/2023:10:44:03 +0530] "PUT /1-Spring-Mvc-Demo/student/create HTTP/1.1" 400 762
127.0.0.1 - - [30/Nov/2023:10:47:01 +0530] "GET / HTTP/1.1" 404 751
0:0:0:0:0:0:0:1 - - [30/Nov/2023:10:47:05 +0530] "PUT /1-Spring-Mvc-Demo/student/create HTTP/1.1" 400 762
0:0:0:0:0:0:0:1 - - [30/Nov/2023:10:47:19 +0530] "GET /1-Spring-Mvc-Demo/student/1 HTTP/1.1" 200 37
0:0:0:0:0:0:0:1 - - [30/Nov/2023:10:47:47 +0530] "PUT /1-Spring-Mvc-Demo/student/create HTTP/1.1" 400 762
127.0.0.1 - - [30/Nov/2023:10:49:07 +0530] "GET / HTTP/1.1" 404 751
0:0:0:0:0:0:0:1 - - [30/Nov/2023:10:49:07 +0530] "PUT /1-Spring-Mvc-Demo/student/create HTTP/1.1" 400 762
127.0.0.1 - - [30/Nov/2023:10:49:32 +0530] "GET / HTTP/1.1" 404 751
0:0:0:0:0:0:0:1 - - [30/Nov/2023:10:49:34 +0530] "PUT /1-Spring-Mvc-Demo/student/create HTTP/1.1" 400 762
127.0.0.1 - - [30/Nov/2023:10:52:17 +0530] "GET / HTTP/1.1" 404 751
0:0:0:0:0:0:0:1 - - [30/Nov/2023:10:52:21 +0530] "PUT /1-Spring-Mvc-Demo/student/create HTTP/1.1" 400 762
127.0.0.1 - - [30/Nov/2023:10:55:16 +0530] "GET / HTTP/1.1" 404 751
0:0:0:0:0:0:0:1 - - [30/Nov/2023:10:55:21 +0530] "PUT /1-Spring-Mvc-Demo/student/create HTTP/1.1" 500 13370
127.0.0.1 - - [30/Nov/2023:10:56:46 +0530] "GET / HTTP/1.1" 404 751
0:0:0:0:0:0:0:1 - - [30/Nov/2023:10:56:51 +0530] "PUT /1-Spring-Mvc-Demo/student/create HTTP/1.1" 400 762
127.0.0.1 - - [30/Nov/2023:10:57:32 +0530] "GET / HTTP/1.1" 404 751
0:0:0:0:0:0:0:1 - - [30/Nov/2023:10:57:36 +0530] "PUT /1-Spring-Mvc-Demo/student/create HTTP/1.1" 500 13370
127.0.0.1 - - [30/Nov/2023:11:02:20 +0530] "GET / HTTP/1.1" 404 751
0:0:0:0:0:0:0:1 - - [30/Nov/2023:11:02:26 +0530] "PUT /1-Spring-Mvc-Demo/student/create HTTP/1.1" 400 762
0:0:0:0:0:0:0:1 - - [30/Nov/2023:11:03:05 +0530] "POST /1-Spring-Mvc-Demo/student HTTP/1.1" 405 750
0:0:0:0:0:0:0:1 - - [30/Nov/2023:11:03:27 +0530] "POST /1-Spring-Mvc-Demo/student HTTP/1.1" 405 750
127.0.0.1 - - [30/Nov/2023:11:04:31 +0530] "GET / HTTP/1.1" 404 751
0:0:0:0:0:0:0:1 - - [30/Nov/2023:11:04:40 +0530] "POST /1-Spring-Mvc-Demo/student HTTP/1.1" 405 750
0:0:0:0:0:0:0:1 - - [30/Nov/2023:11:04:53 +0530] "POST /1-Spring-Mvc-Demo/student HTTP/1.1" 405 750
127.0.0.1 - - [30/Nov/2023:11:05:47 +0530] "GET / HTTP/1.1" 404 751
0:0:0:0:0:0:0:1 - - [30/Nov/2023:11:05:47 +0530] "GET /1-Spring-Mvc-Demo/ HTTP/1.1" 404 682
0:0:0:0:0:0:0:1 - - [30/Nov/2023:11:05:51 +0530] "POST /1-Spring-Mvc-Demo/student HTTP/1.1" 405 750
0:0:0:0:0:0:0:1 - - [30/Nov/2023:11:06:13 +0530] "POST /1-Spring-Mvc-Demo/student HTTP/1.1" 405 750
127.0.0.1 - - [30/Nov/2023:11:07:07 +0530] "GET / HTTP/1.1" 404 751
0:0:0:0:0:0:0:1 - - [30/Nov/2023:11:07:10 +0530] "POST /1-Spring-Mvc-Demo/student HTTP/1.1" 405 750
127.0.0.1 - - [30/Nov/2023:11:07:52 +0530] "GET / HTTP/1.1" 404 751
0:0:0:0:0:0:0:1 - - [30/Nov/2023:11:07:54 +0530] "GET /1-Spring-Mvc-Demo/student/1 HTTP/1.1" 200 37
0:0:0:0:0:0:0:1 - - [30/Nov/2023:11:08:13 +0530] "POST /1-Spring-Mvc-Demo/student HTTP/1.1" 405 750
0:0:0:0:0:0:0:1 - - [30/Nov/2023:11:08:23 +0530] "POST /1-Spring-Mvc-Demo/students HTTP/1.1" 404 682
0:0:0:0:0:0:0:1 - - [30/Nov/2023:11:09:03 +0530] "POST /1-Spring-Mvc-Demo/student HTTP/1.1" 405 750
127.0.0.1 - - [30/Nov/2023:11:09:31 +0530] "GET / HTTP/1.1" 404 751
0:0:0:0:0:0:0:1 - - [30/Nov/2023:11:09:34 +0530] "POST /1-Spring-Mvc-Demo/student HTTP/1.1" 200 38
127.0.0.1 - - [30/Nov/2023:11:48:37 +0530] "GET / HTTP/1.1" 404 751
0:0:0:0:0:0:0:1 - - [30/Nov/2023:11:48:38 +0530] "GET /1-Spring-Mvc-Demo/ HTTP/1.1" 404 682
0:0:0:0:0:0:0:1 - - [30/Nov/2023:11:48:42 +0530] "GET /1-Spring-Mvc-Demo/student/1 HTTP/1.1" 200 37
127.0.0.1 - - [30/Nov/2023:12:41:05 +0530] "GET / HTTP/1.1" 404 751
0:0:0:0:0:0:0:1 - - [30/Nov/2023:12:41:05 +0530] "GET /1-SMS_API_V4_SPRING_MVC/ HTTP/1.1" 404 682
0:0:0:0:0:0:0:1 - - [30/Nov/2023:12:41:29 +0530] "POST /1-Spring-Mvc-Demo/student HTTP/1.1" 404 780
0:0:0:0:0:0:0:1 - - [30/Nov/2023:12:42:05 +0530] "GET /1-SMS_API_V4_SPRING_MVC/ HTTP/1.1" 404 682
0:0:0:0:0:0:0:1 - - [30/Nov/2023:12:42:33 +0530] "GET /1-SMS_API_V4_SPRING_MVC/student HTTP/1.1" 200 12
127.0.0.1 - - [30/Nov/2023:12:58:28 +0530] "GET / HTTP/1.1" 404 751
0:0:0:0:0:0:0:1 - - [30/Nov/2023:12:58:32 +0530] "GET /1-SMS_API_V4_SPRING_MVC/student HTTP/1.1" 200 12
127.0.0.1 - - [30/Nov/2023:13:03:24 +0530] "GET / HTTP/1.1" 404 751
0:0:0:0:0:0:0:1 - - [30/Nov/2023:13:03:24 +0530] "GET /1-SMS_API_V4_SPRING_MVC/ HTTP/1.1" 404 682
0:0:0:0:0:0:0:1 - - [30/Nov/2023:13:03:31 +0530] "GET /1-SMS_API_V4_SPRING_MVC/student HTTP/1.1" 200 12
127.0.0.1 - - [30/Nov/2023:13:05:02 +0530] "GET / HTTP/1.1" 404 751
0:0:0:0:0:0:0:1 - - [30/Nov/2023:13:05:06 +0530] "GET /1-SMS_API_V4_SPRING_MVC/student HTTP/1.1" 200 12
127.0.0.1 - - [30/Nov/2023:13:05:38 +0530] "GET / HTTP/1.1" 404 751
0:0:0:0:0:0:0:1 - - [30/Nov/2023:13:05:44 +0530] "GET /1-SMS_API_V4_SPRING_MVC/student HTTP/1.1" 200 12
127.0.0.1 - - [30/Nov/2023:13:07:45 +0530] "GET / HTTP/1.1" 404 751
0:0:0:0:0:0:0:1 - - [30/Nov/2023:13:07:52 +0530] "GET /1-SMS_API_V4_SPRING_MVC/student HTTP/1.1" 500 11093
127.0.0.1 - - [30/Nov/2023:13:09:07 +0530] "GET / HTTP/1.1" 404 751
0:0:0:0:0:0:0:1 - - [30/Nov/2023:13:09:14 +0530] "GET /1-SMS_API_V4_SPRING_MVC/student HTTP/1.1" 200 363
127.0.0.1 - - [30/Nov/2023:14:08:03 +0530] "GET / HTTP/1.1" 404 751
0:0:0:0:0:0:0:1 - - [30/Nov/2023:14:08:04 +0530] "GET /1-SMS_API_V4_SPRING_MVC/ HTTP/1.1" 404 682
0:0:0:0:0:0:0:1 - - [30/Nov/2023:14:08:09 +0530] "GET /1-SMS_API_V4_SPRING_MVC/student/1 HTTP/1.1" 500 10380
0:0:0:0:0:0:0:1 - - [30/Nov/2023:14:08:30 +0530] "GET /1-SMS_API_V4_SPRING_MVC/student HTTP/1.1" 200 363
0:0:0:0:0:0:0:1 - - [30/Nov/2023:14:08:52 +0530] "GET /1-SMS_API_V4_SPRING_MVC/student/1 HTTP/1.1" 500 10380
127.0.0.1 - - [30/Nov/2023:14:18:24 +0530] "GET / HTTP/1.1" 404 751
0:0:0:0:0:0:0:1 - - [30/Nov/2023:14:18:25 +0530] "GET /1-SMS_API_V4_SPRING_MVC/student/1 HTTP/1.1" 500 10380
127.0.0.1 - - [30/Nov/2023:14:26:54 +0530] "GET / HTTP/1.1" 404 751
0:0:0:0:0:0:0:1 - - [30/Nov/2023:14:26:57 +0530] "GET /1-SMS_API_V4_SPRING_MVC/student/1 HTTP/1.1" 500 10380
0:0:0:0:0:0:0:1 - - [30/Nov/2023:14:27:07 +0530] "GET /1-SMS_API_V4_SPRING_MVC/student HTTP/1.1" 200 363
0:0:0:0:0:0:0:1 - - [30/Nov/2023:14:27:23 +0530] "GET /1-SMS_API_V4_SPRING_MVC/student/2 HTTP/1.1" 500 10380
127.0.0.1 - - [30/Nov/2023:14:29:07 +0530] "GET / HTTP/1.1" 404 751
0:0:0:0:0:0:0:1 - - [30/Nov/2023:14:29:13 +0530] "POST /1-Spring-Mvc-Demo/student HTTP/1.1" 404 780
0:0:0:0:0:0:0:1 - - [30/Nov/2023:14:29:20 +0530] "GET /1-SMS_API_V4_SPRING_MVC/student HTTP/1.1" 200 363
0:0:0:0:0:0:0:1 - - [30/Nov/2023:14:29:23 +0530] "GET /1-SMS_API_V4_SPRING_MVC/student/2 HTTP/1.1" 500 10380
127.0.0.1 - - [30/Nov/2023:14:31:42 +0530] "GET / HTTP/1.1" 404 751
0:0:0:0:0:0:0:1 - - [30/Nov/2023:14:31:42 +0530] "GET /1-SMS_API_V4_SPRING_MVC/ HTTP/1.1" 404 682
0:0:0:0:0:0:0:1 - - [30/Nov/2023:14:31:51 +0530] "GET /1-SMS_API_V4_SPRING_MVC/student HTTP/1.1" 200 363
0:0:0:0:0:0:0:1 - - [30/Nov/2023:14:32:43 +0530] "GET /1-SMS_API_V4_SPRING_MVC/student/2 HTTP/1.1" 200 120
127.0.0.1 - - [30/Nov/2023:14:43:02 +0530] "GET / HTTP/1.1" 404 751
0:0:0:0:0:0:0:1 - - [30/Nov/2023:14:43:02 +0530] "GET /1-SMS_API_V4_SPRING_MVC/ HTTP/1.1" 404 682
0:0:0:0:0:0:0:1 - - [30/Nov/2023:14:43:08 +0530] "GET /1-SMS_API_V4_SPRING_MVC/student HTTP/1.1" 200 363
0:0:0:0:0:0:0:1 - - [30/Nov/2023:14:43:11 +0530] "GET /1-SMS_API_V4_SPRING_MVC/student/2 HTTP/1.1" 500 4439
0:0:0:0:0:0:0:1 - - [30/Nov/2023:14:46:02 +0530] "GET /1-SMS_API_V4_SPRING_MVC/student/1 HTTP/1.1" 500 4439
127.0.0.1 - - [30/Nov/2023:14:52:50 +0530] "GET / HTTP/1.1" 404 751
0:0:0:0:0:0:0:1 - - [30/Nov/2023:14:52:50 +0530] "GET /1-SMS_API_V4_SPRING_MVC/student HTTP/1.1" 200 363
0:0:0:0:0:0:0:1 - - [30/Nov/2023:14:52:53 +0530] "GET /1-SMS_API_V4_SPRING_MVC/student/1 HTTP/1.1" 200 130
127.0.0.1 - - [30/Nov/2023:15:09:08 +0530] "GET / HTTP/1.1" 404 751
0:0:0:0:0:0:0:1 - - [30/Nov/2023:15:09:08 +0530] "GET /1-SMS_API_V4_SPRING_MVC/ HTTP/1.1" 404 682
0:0:0:0:0:0:0:1 - - [30/Nov/2023:15:09:30 +0530] "DELETE /1-SMS_API_V4_SPRING_MVC/student/1 HTTP/1.1" 200 -
0:0:0:0:0:0:0:1 - - [30/Nov/2023:15:09:36 +0530] "GET /1-SMS_API_V4_SPRING_MVC/student HTTP/1.1" 200 122
0:0:0:0:0:0:0:1 - - [30/Nov/2023:15:11:30 +0530] "POST /1-SMS_API_V4_SPRING_MVC/student HTTP/1.1" 200 -
0:0:0:0:0:0:0:1 - - [30/Nov/2023:15:11:36 +0530] "GET /1-SMS_API_V4_SPRING_MVC/student/1 HTTP/1.1" 500 5155
0:0:0:0:0:0:0:1 - - [30/Nov/2023:15:11:42 +0530] "GET /1-SMS_API_V4_SPRING_MVC/student HTTP/1.1" 200 355
0:0:0:0:0:0:0:1 - - [30/Nov/2023:15:11:50 +0530] "GET /1-SMS_API_V4_SPRING_MVC/student/3 HTTP/1.1" 200 126
0:0:0:0:0:0:0:1 - - [30/Nov/2023:15:12:36 +0530] "GET /1-SMS_API_V4_SPRING_MVC/student/3/99 HTTP/1.1" 405 749
0:0:0:0:0:0:0:1 - - [30/Nov/2023:15:12:51 +0530] "POST /1-SMS_API_V4_SPRING_MVC/student/3/99 HTTP/1.1" 405 750
0:0:0:0:0:0:0:1 - - [30/Nov/2023:15:12:59 +0530] "PUT /1-SMS_API_V4_SPRING_MVC/student/3/99 HTTP/1.1" 500 14009
0:0:0:0:0:0:0:1 - - [30/Nov/2023:15:13:35 +0530] "PUT /1-SMS_API_V4_SPRING_MVC/student/3/99 HTTP/1.1" 500 14009
